Microchip MPLAB XC8 Compiler V2.35

Linker command line:

-W-3 --edf=C:\Program Files\Microchip\xc8\v2.35\pic\dat\en_msgs.txt -cn \
  -h+dist/default/production\DS18B20MK1v1.0.X.production.sym \
  --cmf=dist/default/production\DS18B20MK1v1.0.X.production.cmf -z \
  -Q18F46K20 -oC:\Users\Torben\AppData\Local\Temp\xcAs19ds.4 \
  --defsym=__MPLAB_BUILD=1 \
  -Mdist/default/production/DS18B20MK1v1.0.X.production.map \
  --md=C:\Users\Torben\AppData\Local\Temp\xcAs19ds.dat -E1 \
  -ver=XC8 Compiler --acfsm=1493 -ACODE=00h-0FFFFh -ACONST=00h-0FFFFh \
  -ASMALLCONST=01000h-010FFhx240 -AMEDIUMCONST=01000h-0FFFFh \
  -ACOMRAM=01h-05Fh -AABS1=00h-0F5Fh -ABIGRAM=01h-0F5Fh \
  -ARAM=060h-0FFh,0100h-01FFhx14,0F00h-0F5Fh -ABANK0=060h-0FFh \
  -ABANK1=0100h-01FFh -ABANK2=0200h-02FFh -ABANK3=0300h-03FFh \
  -ABANK4=0400h-04FFh -ABANK5=0500h-05FFh -ABANK6=0600h-06FFh \
  -ABANK7=0700h-07FFh -ABANK8=0800h-08FFh -ABANK9=0900h-09FFh \
  -ABANK10=0A00h-0AFFh -ABANK11=0B00h-0BFFh -ABANK12=0C00h-0CFFh \
  -ABANK13=0D00h-0DFFh -ABANK14=0E00h-0EFFh -ABANK15=0F00h-0F5Fh \
  -ASFR=0F60h-0FFFh -ABIGSFR=0F60h-0FFFh -ACONFIG=0300000h-030000Dh \
  -AIDLOC=0200000h-0200007h -AEEDATA=0F00000h-0F003FFh -peeprom_data=EEDATA \
  -preset_vec=00h,intcode=08h,intcodelo,powerup,init -pramtop=01000h \
  -psmallconst=SMALLCONST -pmediumconst=MEDIUMCONST -pconst=CONST \
  -AFARRAM=00h-00h \
  -prdata=COMRAM,nvrram=COMRAM,nvbit=COMRAM,rbss=COMRAM,rbit=COMRAM \
  -pfarbss=FARRAM,fardata=FARRAM,nvFARRAM=FARRAM \
  -pintsave_regs=BIGRAM,bigbss=BIGRAM,bigdata=BIGRAM -pbss=RAM \
  -pidata=CODE,irdata=CODE,ibigdata=CODE,ifardata=CODE -prparam=COMRAM \
  C:\Users\Torben\AppData\Local\Temp\xcAs19ds.o \
  dist/default/production\DS18B20MK1v1.0.X.production.o 

Object code version is 3.11

Machine type is 18F46K20



                Name                               Link     Load   Length Selector   Space Scale
C:\Users\Torben\AppData\Local\Temp\xcAs19ds.o
                idloc                            200000   200000        8        0       5
                config                           300000   300000        E        0       4
                init                                 B0       B0        4        4       0
                reset_vec                             0        0        4        0       0
dist/default/production\DS18B20MK1v1.0.X.production.o
                intcode                               8        8       A8        4       0
                idloc                            200000   200000        8        0       5
                config                           300000   300000        E        0       4
                temp                                 5B       5B        1        1       1
                smallconst                         1000     1000       4C      800       0
                text61                             44BE     44BE       2A      826       0
                text60                             45D0     45D0        6      826       0
                text59                             45DA     45DA        2      826       0
                text58                             45CA     45CA        6      826       0
                text57                             3BD8     3BD8       C0      826       0
                text56                             42A0     42A0       42      826       0
                text54                             3B14     3B14       C4      826       0
                text53                             45C4     45C4        6      826       0
                text52                             45BE     45BE        6      826       0
                text51                             4560     4560        E      826       0
                text50                             44E8     44E8       28      826       0
                text49                             42E2     42E2       40      826       0
                text48                             4188     4188       48      826       0
                text47                             43CA     43CA       38      826       0
                text46                             2E5A     2E5A      218      826       0
                text45                             45B4     45B4        A      826       0
                text44                             2AC0     2AC0      39A      826       0
                text43                             3284     3284      1B4      826       0
                text42                             4096     4096       56      826       0
                text41                             413E     413E       4A      826       0
                text40                             397C     397C       D2      826       0
                text39                             45AA     45AA        A      826       0
                text38                             45A0     45A0        A      826       0
                text37                             4596     4596        A      826       0
                text36                             458C     458C        A      826       0
                text35                             4582     4582        A      826       0
                text34                             3F06     3F06       76      826       0
                text33                             454C     454C       14      826       0
                text32                             45D6     45D6        4      826       0
                text31                             4578     4578        A      826       0
                text30                             4438     4438       30      826       0
                text29                             4536     4536       16      826       0
                text28                             4510     4510       26      826       0
                text27                             4392     4392       38      826       0
                text26                             40EC     40EC       52      826       0
                text25                             3438     3438      160      826       0
                text24                             3C98     3C98       B0      826       0
                text23                             3D48     3D48       AA      826       0
                text22                             369E     369E      104      826       0
                text21                             2696     2696      42A      826       0
                text20                             435A     435A       38      826       0
                text19                             21D6     21D6      4C0      826       0
                text18                             4216     4216       46      826       0
                text17                             3598     3598      106      826       0
                text16                             37A2     37A2       FE      826       0
                text15                             3072     3072      212      826       0
                text14                             403E     403E       58      826       0
                text13                             456E     456E        A      826       0
                text12                             3DF2     3DF2       96      826       0
                text11                             425C     425C       44      826       0
                text10                             4402     4402       36      826       0
                text9                              3A4E     3A4E       C6      826       0
                text8                              3FE0     3FE0       5E      826       0
                text7                              4322     4322       38      826       0
                text6                              41D0     41D0       46      826       0
                text5                              104C     104C      C5C      826       0
                text4                              38A0     38A0       DC      826       0
                text3                              1CA8     1CA8      52E      826       0
                text2                              3F7C     3F7C       64      826       0
                text1                              4494     4494       2A      826       0
                text0                              3E88     3E88       7E      826       0
                cstackCOMRAM                          1        1       55        1       1
                cstackBANK0                          B2       B2       4A       60       1
                cstackBANK1                         168      168        4      100       1
                bssBANK1                            100      100       60      100       1
                bssBANK0                             60       60       52       60       1
                bssCOMRAM                            56       56        5        1       1
                cinit                              4468     4468       2C      826       0
                nvBANK1                             160      160        8      100       1
                nvBANK0                              FC       FC        3       60       1

TOTAL           Name                               Link     Load   Length     Space
        CLASS   CODE           
                intcode                               8        8       A8         0
                init                                 B0       B0        4         0
                reset_vec                             0        0        4         0
                text61                             44BE     44BE       2A         0
                text60                             45D0     45D0        6         0
                text59                             45DA     45DA        2         0
                text58                             45CA     45CA        6         0
                text57                             3BD8     3BD8       C0         0
                text56                             42A0     42A0       42         0
                text54                             3B14     3B14       C4         0
                text53                             45C4     45C4        6         0
                text52                             45BE     45BE        6         0
                text51                             4560     4560        E         0
                text50                             44E8     44E8       28         0
                text49                             42E2     42E2       40         0
                text48                             4188     4188       48         0
                text47                             43CA     43CA       38         0
                text46                             2E5A     2E5A      218         0
                text45                             45B4     45B4        A         0
                text44                             2AC0     2AC0      39A         0
                text43                             3284     3284      1B4         0
                text42                             4096     4096       56         0
                text41                             413E     413E       4A         0
                text40                             397C     397C       D2         0
                text39                             45AA     45AA        A         0
                text38                             45A0     45A0        A         0
                text37                             4596     4596        A         0
                text36                             458C     458C        A         0
                text35                             4582     4582        A         0
                text34                             3F06     3F06       76         0
                text33                             454C     454C       14         0
                text32                             45D6     45D6        4         0
                text31                             4578     4578        A         0
                text30                             4438     4438       30         0
                text29                             4536     4536       16         0
                text28                             4510     4510       26         0
                text27                             4392     4392       38         0
                text26                             40EC     40EC       52         0
                text25                             3438     3438      160         0
                text24                             3C98     3C98       B0         0
                text23                             3D48     3D48       AA         0
                text22                             369E     369E      104         0
                text21                             2696     2696      42A         0
                text20                             435A     435A       38         0
                text19                             21D6     21D6      4C0         0
                text18                             4216     4216       46         0
                text17                             3598     3598      106         0
                text16                             37A2     37A2       FE         0
                text15                             3072     3072      212         0
                text14                             403E     403E       58         0
                text13                             456E     456E        A         0
                text12                             3DF2     3DF2       96         0
                text11                             425C     425C       44         0
                text10                             4402     4402       36         0
                text9                              3A4E     3A4E       C6         0
                text8                              3FE0     3FE0       5E         0
                text7                              4322     4322       38         0
                text6                              41D0     41D0       46         0
                text5                              104C     104C      C5C         0
                text4                              38A0     38A0       DC         0
                text3                              1CA8     1CA8      52E         0
                text2                              3F7C     3F7C       64         0
                text1                              4494     4494       2A         0
                text0                              3E88     3E88       7E         0
                cinit                              4468     4468       2C         0

        CLASS   CONST          

        CLASS   SMALLCONST     
                smallconst                         1000     1000       4C         0

        CLASS   MEDIUMCONST    

        CLASS   COMRAM         
                temp                                 5B       5B        1         1
                cstackCOMRAM                          1        1       55         1
                bssCOMRAM                            56       56        5         1

        CLASS   ABS1           

        CLASS   BIGRAM         

        CLASS   RAM            

        CLASS   BANK0          
                cstackBANK0                          B2       B2       4A         1
                bssBANK0                             60       60       52         1
                nvBANK0                              FC       FC        3         1

        CLASS   BANK1          
                cstackBANK1                         168      168        4         1
                bssBANK1                            100      100       60         1
                nvBANK1                             160      160        8         1

        CLASS   BANK2          

        CLASS   BANK3          

        CLASS   BANK4          

        CLASS   BANK5          

        CLASS   BANK6          

        CLASS   BANK7          

        CLASS   BANK8          

        CLASS   BANK9          

        CLASS   BANK10         

        CLASS   BANK11         

        CLASS   BANK12         

        CLASS   BANK13         

        CLASS   BANK14         

        CLASS   BANK15         

        CLASS   SFR            

        CLASS   BIGSFR         

        CLASS   CONFIG         
                config                           300000   300000        E         4

        CLASS   IDLOC          
                idloc                            200000   200000        8         5

        CLASS   EEDATA         

        CLASS   FARRAM         

        CLASS   HEAP           

        CLASS   STACK          



SEGMENTS        Name                           Load    Length   Top    Selector   Space  Class

                reset_vec                      000000  000004  000004         0       0  CODE    
                cstackCOMRAM                   000001  00005B  00005C         1       1  COMRAM  
                intcode                        000008  0000AC  0000B4         4       0  CODE    
                bssBANK0                       000060  00009F  0000FF        60       1  BANK0   
                bssBANK1                       000100  00006C  00016C       100       1  BANK1   
                smallconst                     001000  00004C  00104C       800       0  SMALLCON
                text5                          00104C  003590  0045DC       826       0  CODE    


UNUSED ADDRESS RANGES

        Name                Unused          Largest block    Delta
        BANK0            0000FF-0000FF                1
        BANK1            00016C-0001FF               94
        BANK10           000A00-000AFF              100
        BANK11           000B00-000BFF              100
        BANK12           000C00-000CFF              100
        BANK13           000D00-000DFF              100
        BANK14           000E00-000EFF              100
        BANK15           000F00-000F5F               60
        BANK2            000200-0002FF              100
        BANK3            000300-0003FF              100
        BANK4            000400-0004FF              100
        BANK5            000500-0005FF              100
        BANK6            000600-0006FF              100
        BANK7            000700-0007FF              100
        BANK8            000800-0008FF              100
        BANK9            000900-0009FF              100
        BIGRAM           00005C-00005F                4
                         0000FF-0000FF                1
                         00016C-000F5F              DF4
        BIGSFR           000F60-000FFF               A0
        CODE             000004-000007                4
                         0000B4-000FFF              F4C
                         0045DC-00FFFF             BA24
        COMRAM           00005C-00005F                4
        CONST            000004-000007                4
                         0000B4-000FFF              F4C
                         0045DC-00FFFF             BA24
        EEDATA           F00000-F003FF              400
        MEDIUMCONST      0045DC-00FFFF             BA24
        RAM              0000FF-0000FF                1
                         00016C-000F5F              100
        SFR              000F60-000FFF               A0
        SMALLCONST       0045DC-00FFFF              100

                                  Symbol Table

?_DS18B20_temp_GetValue                           cstackCOMRAM 00002C
?___awdiv                                         cstackCOMRAM 000005
?___awmod                                         cstackCOMRAM 000005
?___fladd                                         cstackCOMRAM 000005
?___fldiv                                         cstackCOMRAM 000013
?___flmul                                         cstackCOMRAM 000005
?___flneg                                         cstackCOMRAM 000005
?___flsub                                         cstackCOMRAM 00001E
?___fltol                                         cstackCOMRAM 000005
?___fpclassifyf                                   cstackCOMRAM 000005
?___wmul                                          cstackCOMRAM 000005
?___xxtofl                                        cstackCOMRAM 000005
?_atoi                                            cstackCOMRAM 00000C
?_efgtoa                                          cstackCOMRAM 000040
?_floorf                                          cstackCOMRAM 00002C
?_isdigit                                         cstackCOMRAM 000005
?_isspace                                         cstackCOMRAM 000005
?_isupper                                         cstackCOMRAM 000005
?_pad                                             cstackCOMRAM 000017
?_printf                                          cstackBANK0  0000F6
?_strlen                                          cstackCOMRAM 000005
?_strncmp                                         cstackCOMRAM 000005
?_tolower                                         cstackCOMRAM 00000B
?_vfpfcnvrt                                       cstackCOMRAM 00004C
?_vfprintf                                        cstackBANK0  0000EE
DS18B20_temp_GetValue@prisutnost                  cstackCOMRAM 00003A
DS18B20_temp_GetValue@tempDataAnz                 cstackCOMRAM 000034
DS18B20_temp_GetValue@temph1                      cstackCOMRAM 000039
DS18B20_temp_GetValue@templ1                      cstackCOMRAM 000038
EUSART_SetErrorHandler@interruptHandler           cstackCOMRAM 000005
EUSART_SetFramingErrorHandler@interruptHandler    cstackCOMRAM 000005
EUSART_SetOverrunErrorHandler@interruptHandler    cstackCOMRAM 000005
EUSART_SetRxInterruptHandler@interruptHandler     cstackCOMRAM 000005
EUSART_SetTxInterruptHandler@interruptHandler     cstackCOMRAM 000005
EUSART_Write@txData                               cstackCOMRAM 000005
_ANSEL                                            (abs)        000F7E
_ANSELH                                           (abs)        000F7F
_BAUDCON                                          (abs)        000FB8
_DS18B20_init                                     text45       0045B4
_DS18B20_temp_GetValue                            text40       00397C
_DeviceAddressMap                                 bssBANK1     000150
_EUSART_DefaultErrorHandler                       text60       0045D0
_EUSART_DefaultFramingErrorHandler                text59       0045DA
_EUSART_DefaultOverrunErrorHandler                text58       0045CA
_EUSART_ErrorHandler                              nvBANK1      000160
_EUSART_FramingErrorHandler                       nvBANK1      000164
_EUSART_Initialize                                text34       003F06
_EUSART_OverrunErrorHandler                       nvBANK1      000162
_EUSART_Receive_ISR                               text57       003BD8
_EUSART_RxDataHandler                             text61       0044BE
_EUSART_RxDefaultInterruptHandler                 nvBANK1      000166
_EUSART_SetErrorHandler                           text39       0045AA
_EUSART_SetFramingErrorHandler                    text38       0045A0
_EUSART_SetOverrunErrorHandler                    text37       004596
_EUSART_SetRxInterruptHandler                     text36       00458C
_EUSART_SetTxInterruptHandler                     text35       004582
_EUSART_Transmit_ISR                              text56       0042A0
_EUSART_TxDefaultInterruptHandler                 nvBANK0      0000FC
_EUSART_Write                                     text14       00403E
_I2C_CallbackReturnReset                          (abs)        000000
_I2C_CallbackReturnStop                           (abs)        000000
_I2C_DO_ADDRESS_NACK                              (abs)        000000
_I2C_DO_IDLE                                      (abs)        000000
_I2C_DO_RCEN                                      (abs)        000000
_I2C_DO_RESET                                     (abs)        000000
_I2C_DO_RX                                        (abs)        000000
_I2C_DO_RX_ACK                                    (abs)        000000
_I2C_DO_RX_NACK_RESTART                           (abs)        000000
_I2C_DO_RX_NACK_STOP                              (abs)        000000
_I2C_DO_SEND_ADR_READ                             (abs)        000000
_I2C_DO_SEND_ADR_WRITE                            (abs)        000000
_I2C_DO_SEND_RESTART                              (abs)        000000
_I2C_DO_SEND_RESTART_READ                         (abs)        000000
_I2C_DO_SEND_RESTART_WRITE                        (abs)        000000
_I2C_DO_SEND_STOP                                 (abs)        000000
_I2C_DO_TX                                        (abs)        000000
_I2C_DO_TX_EMPTY                                  (abs)        000000
_I2C_Initialize                                   text33       00454C
_I2C_Status                                       bssBANK0     000060
_INTCON2bits                                      (abs)        000FF1
_INTCONbits                                       (abs)        000FF2
_INTERRUPT_Initialize                             text32       0045D6
_INTERRUPT_InterruptManager                       intcode      000008
_LATA                                             (abs)        000F89
_LATB                                             (abs)        000F8A
_LATC                                             (abs)        000F8B
_LATCbits                                         (abs)        000F8B
_LATD                                             (abs)        000F8C
_LATE                                             (abs)        000F8D
_OSCCON                                           (abs)        000FD3
_OSCILLATOR_Initialize                            text31       004578
_OSCTUNE                                          (abs)        000F9B
_PIE1bits                                         (abs)        000F9D
_PIN_MANAGER_Initialize                           text30       004438
_PIR1bits                                         (abs)        000F9E
_PIR2bits                                         (abs)        000FA1
_PORTCbits                                        (abs)        000F82
_RCONbits                                         (abs)        000FD0
_RCREG                                            (abs)        000FAE
_RCSTA                                            (abs)        000FAB
_RCSTAbits                                        (abs)        000FAB
_SPBRG                                            (abs)        000FAF
_SPBRGH                                           (abs)        000FB0
_SSPADD                                           (abs)        000FC8
_SSPBUF                                           (abs)        000FC9
_SSPCON1                                          (abs)        000FC6
_SSPCON1bits                                      (abs)        000FC6
_SSPCON2                                          (abs)        000FC5
_SSPCON2bits                                      (abs)        000FC5
_SSPSTAT                                          (abs)        000FC7
_SSPSTATbits                                      (abs)        000FC7
_SYSTEM_Initialize                                text29       004536
_SearchROMDevicesSucess                           bssBANK0     0000B0
_TRISA                                            (abs)        000F92
_TRISB                                            (abs)        000F93
_TRISC                                            (abs)        000F94
_TRISCbits                                        (abs)        000F94
_TRISD                                            (abs)        000F95
_TRISE                                            (abs)        000F96
_TXREG                                            (abs)        000FAD
_TXSTA                                            (abs)        000FAC
_TXSTAbits                                        (abs)        000FAC
_WPUB                                             (abs)        000F7C
__HRAM                                            (abs)        000000
__Habs1                                           abs1         000000
__Hbank0                                          bank0        000000
__Hbank1                                          bank1        000000
__Hbank10                                         bank10       000000
__Hbank11                                         bank11       000000
__Hbank12                                         bank12       000000
__Hbank13                                         bank13       000000
__Hbank14                                         bank14       000000
__Hbank15                                         bank15       000000
__Hbank2                                          bank2        000000
__Hbank3                                          bank3        000000
__Hbank4                                          bank4        000000
__Hbank5                                          bank5        000000
__Hbank6                                          bank6        000000
__Hbank7                                          bank7        000000
__Hbank8                                          bank8        000000
__Hbank9                                          bank9        000000
__Hbigbss                                         bigbss       000000
__Hbigdata                                        bigdata      000000
__Hbigram                                         bigram       000000
__Hbigsfr                                         bigsfr       000000
__Hbss                                            bss          000000
__HbssBANK0                                       bssBANK0     000000
__HbssBANK1                                       bssBANK1     000000
__HbssCOMRAM                                      bssCOMRAM    000000
__Hcinit                                          cinit        000000
__Hclrtext                                        clrtext      000000
__Hcomram                                         comram       000000
__Hconfig                                         config       30000E
__Hconst                                          const        000000
__HcstackBANK0                                    cstackBANK0  000000
__HcstackBANK1                                    cstackBANK1  000000
__HcstackCOMRAM                                   cstackCOMRAM 000000
__Hdata                                           data         000000
__Heeprom_data                                    eeprom_data  000000
__Hfarbss                                         farbss       000000
__Hfardata                                        fardata      000000
__Hheap                                           heap         000000
__Hibigdata                                       ibigdata     000000
__Hidata                                          idata        000000
__Hidloc                                          idloc        200008
__Hifardata                                       ifardata     000000
__Hinit                                           init         0000B4
__Hintcode                                        intcode      0000B0
__Hintcode_body                                   intcode_body 000000
__Hintcodelo                                      intcodelo    0000B0
__Hintentry                                       intentry     000000
__Hintret                                         intret       000000
__Hintsave_regs                                   intsave_regs 000000
__Hirdata                                         irdata       000000
__Hmediumconst                                    mediumconst  000000
__HnvBANK0                                        nvBANK0      000000
__HnvBANK1                                        nvBANK1      000000
__HnvFARRAM                                       nvFARRAM     000000
__Hnvbit                                          nvbit        000000
__Hnvrram                                         nvrram       000000
__Hparam                                          rparam       000000
__Hpowerup                                        powerup      0000B0
__Hram                                            ram          000000
__Hramtop                                         ramtop       001000
__Hrbit                                           rbit         000000
__Hrbss                                           rbss         000000
__Hrdata                                          rdata        000000
__Hreset_vec                                      reset_vec    000004
__Hrparam                                         rparam       000000
__Hsfr                                            sfr          000000
__Hsmallconst                                     smallconst   00104C
__Hspace_0                                        (abs)        0045DC
__Hspace_1                                        (abs)        00016C
__Hspace_2                                        (abs)        000000
__Hspace_4                                        (abs)        60000E
__Hstack                                          stack        000000
__Hstruct                                         struct       000000
__Htemp                                           temp         00005C
__Htext                                           text         000000
__Htext0                                          text0        000000
__Htext1                                          text1        000000
__Htext10                                         text10       000000
__Htext11                                         text11       000000
__Htext12                                         text12       000000
__Htext13                                         text13       000000
__Htext14                                         text14       000000
__Htext15                                         text15       000000
__Htext16                                         text16       000000
__Htext17                                         text17       000000
__Htext18                                         text18       000000
__Htext19                                         text19       000000
__Htext2                                          text2        000000
__Htext20                                         text20       000000
__Htext21                                         text21       000000
__Htext22                                         text22       000000
__Htext23                                         text23       000000
__Htext24                                         text24       000000
__Htext25                                         text25       000000
__Htext26                                         text26       000000
__Htext27                                         text27       000000
__Htext28                                         text28       000000
__Htext29                                         text29       000000
__Htext3                                          text3        000000
__Htext30                                         text30       000000
__Htext31                                         text31       000000
__Htext32                                         text32       000000
__Htext33                                         text33       000000
__Htext34                                         text34       000000
__Htext35                                         text35       000000
__Htext36                                         text36       000000
__Htext37                                         text37       000000
__Htext38                                         text38       000000
__Htext39                                         text39       000000
__Htext4                                          text4        000000
__Htext40                                         text40       000000
__Htext41                                         text41       000000
__Htext42                                         text42       000000
__Htext43                                         text43       000000
__Htext44                                         text44       000000
__Htext45                                         text45       000000
__Htext46                                         text46       000000
__Htext47                                         text47       000000
__Htext48                                         text48       000000
__Htext49                                         text49       000000
__Htext5                                          text5        000000
__Htext50                                         text50       000000
__Htext51                                         text51       000000
__Htext52                                         text52       000000
__Htext53                                         text53       000000
__Htext54                                         text54       000000
__Htext56                                         text56       000000
__Htext57                                         text57       000000
__Htext58                                         text58       000000
__Htext59                                         text59       000000
__Htext6                                          text6        000000
__Htext60                                         text60       000000
__Htext61                                         text61       000000
__Htext62                                         text62       000000
__Htext7                                          text7        000000
__Htext8                                          text8        000000
__Htext9                                          text9        000000
__LRAM                                            (abs)        000001
__Labs1                                           abs1         000000
__Lbank0                                          bank0        000000
__Lbank1                                          bank1        000000
__Lbank10                                         bank10       000000
__Lbank11                                         bank11       000000
__Lbank12                                         bank12       000000
__Lbank13                                         bank13       000000
__Lbank14                                         bank14       000000
__Lbank15                                         bank15       000000
__Lbank2                                          bank2        000000
__Lbank3                                          bank3        000000
__Lbank4                                          bank4        000000
__Lbank5                                          bank5        000000
__Lbank6                                          bank6        000000
__Lbank7                                          bank7        000000
__Lbank8                                          bank8        000000
__Lbank9                                          bank9        000000
__Lbigbss                                         bigbss       000000
__Lbigdata                                        bigdata      000000
__Lbigram                                         bigram       000000
__Lbigsfr                                         bigsfr       000000
__Lbss                                            bss          000000
__LbssBANK0                                       bssBANK0     000000
__LbssBANK1                                       bssBANK1     000000
__LbssCOMRAM                                      bssCOMRAM    000000
__Lcinit                                          cinit        000000
__Lclrtext                                        clrtext      000000
__Lcomram                                         comram       000000
__Lconfig                                         config       000000
__Lconst                                          const        000000
__LcstackBANK0                                    cstackBANK0  000000
__LcstackBANK1                                    cstackBANK1  000000
__LcstackCOMRAM                                   cstackCOMRAM 000000
__Ldata                                           data         000000
__Leeprom_data                                    eeprom_data  000000
__Lfarbss                                         farbss       000000
__Lfardata                                        fardata      000000
__Lheap                                           heap         000000
__Libigdata                                       ibigdata     000000
__Lidata                                          idata        000000
__Lidloc                                          idloc        000000
__Lifardata                                       ifardata     000000
__Linit                                           init         0000B0
__Lintcode                                        intcode      000008
__Lintcode_body                                   intcode_body 000000
__Lintcodelo                                      intcodelo    0000B0
__Lintentry                                       intentry     000000
__Lintret                                         intret       000000
__Lintsave_regs                                   intsave_regs 000000
__Lirdata                                         irdata       000000
__Lmediumconst                                    mediumconst  000000
__LnvBANK0                                        nvBANK0      000000
__LnvBANK1                                        nvBANK1      000000
__LnvFARRAM                                       nvFARRAM     000000
__Lnvbit                                          nvbit        000000
__Lnvrram                                         nvrram       000000
__Lparam                                          rparam       000000
__Lpowerup                                        powerup      0000B0
__Lram                                            ram          000000
__Lramtop                                         ramtop       001000
__Lrbit                                           rbit         000000
__Lrbss                                           rbss         000000
__Lrdata                                          rdata        000000
__Lreset_vec                                      reset_vec    000000
__Lrparam                                         rparam       000000
__Lsfr                                            sfr          000000
__Lsmallconst                                     smallconst   001000
__Lspace_0                                        (abs)        000000
__Lspace_1                                        (abs)        000000
__Lspace_2                                        (abs)        000000
__Lspace_4                                        (abs)        000000
__Lstack                                          stack        000000
__Lstruct                                         struct       000000
__Ltemp                                           temp         00005B
__Ltext                                           text         000000
__Ltext0                                          text0        000000
__Ltext1                                          text1        000000
__Ltext10                                         text10       000000
__Ltext11                                         text11       000000
__Ltext12                                         text12       000000
__Ltext13                                         text13       000000
__Ltext14                                         text14       000000
__Ltext15                                         text15       000000
__Ltext16                                         text16       000000
__Ltext17                                         text17       000000
__Ltext18                                         text18       000000
__Ltext19                                         text19       000000
__Ltext2                                          text2        000000
__Ltext20                                         text20       000000
__Ltext21                                         text21       000000
__Ltext22                                         text22       000000
__Ltext23                                         text23       000000
__Ltext24                                         text24       000000
__Ltext25                                         text25       000000
__Ltext26                                         text26       000000
__Ltext27                                         text27       000000
__Ltext28                                         text28       000000
__Ltext29                                         text29       000000
__Ltext3                                          text3        000000
__Ltext30                                         text30       000000
__Ltext31                                         text31       000000
__Ltext32                                         text32       000000
__Ltext33                                         text33       000000
__Ltext34                                         text34       000000
__Ltext35                                         text35       000000
__Ltext36                                         text36       000000
__Ltext37                                         text37       000000
__Ltext38                                         text38       000000
__Ltext39                                         text39       000000
__Ltext4                                          text4        000000
__Ltext40                                         text40       000000
__Ltext41                                         text41       000000
__Ltext42                                         text42       000000
__Ltext43                                         text43       000000
__Ltext44                                         text44       000000
__Ltext45                                         text45       000000
__Ltext46                                         text46       000000
__Ltext47                                         text47       000000
__Ltext48                                         text48       000000
__Ltext49                                         text49       000000
__Ltext5                                          text5        000000
__Ltext50                                         text50       000000
__Ltext51                                         text51       000000
__Ltext52                                         text52       000000
__Ltext53                                         text53       000000
__Ltext54                                         text54       000000
__Ltext56                                         text56       000000
__Ltext57                                         text57       000000
__Ltext58                                         text58       000000
__Ltext59                                         text59       000000
__Ltext6                                          text6        000000
__Ltext60                                         text60       000000
__Ltext61                                         text61       000000
__Ltext62                                         text62       000000
__Ltext7                                          text7        000000
__Ltext8                                          text8        000000
__Ltext9                                          text9        000000
__S0                                              (abs)        0045DC
__S1                                              (abs)        00016C
__S4                                              (abs)        000000
__S5                                              (abs)        000000
___awdiv                                          text54       003B14
___awdiv@counter                                  cstackCOMRAM 000009
___awdiv@dividend                                 cstackCOMRAM 000005
___awdiv@divisor                                  cstackCOMRAM 000007
___awdiv@quotient                                 cstackCOMRAM 00000B
___awdiv@sign                                     cstackCOMRAM 00000A
___awmod                                          text24       003C98
___awmod@counter                                  cstackCOMRAM 000009
___awmod@dividend                                 cstackCOMRAM 000005
___awmod@divisor                                  cstackCOMRAM 000007
___awmod@sign                                     cstackCOMRAM 00000A
___fladd                                          text19       0021D6
___fladd@a                                        cstackCOMRAM 000009
___fladd@aexp                                     cstackCOMRAM 000012
___fladd@b                                        cstackCOMRAM 000005
___fladd@bexp                                     cstackCOMRAM 000013
___fladd@grs                                      cstackCOMRAM 000014
___fladd@signs                                    cstackCOMRAM 000011
___fldiv                                          text44       002AC0
___fldiv@a                                        cstackCOMRAM 000017
___fldiv@aexp                                     cstackCOMRAM 00002B
___fldiv@b                                        cstackCOMRAM 000013
___fldiv@bexp                                     cstackCOMRAM 00002A
___fldiv@grs                                      cstackCOMRAM 000026
___fldiv@new_exp                                  cstackCOMRAM 000024
___fldiv@rem                                      cstackCOMRAM 00001F
___fldiv@sign                                     cstackCOMRAM 000023
___fleq                                           text23       003D48
___fleq@ff1                                       cstackCOMRAM 000005
___fleq@ff2                                       cstackCOMRAM 000009
___flge                                           text22       00369E
___flge@ff1                                       cstackCOMRAM 00001E
___flge@ff2                                       cstackCOMRAM 000022
___flmul                                          text21       002696
___flmul@a                                        cstackCOMRAM 000009
___flmul@aexp                                     cstackCOMRAM 000012
___flmul@b                                        cstackCOMRAM 000005
___flmul@bexp                                     cstackCOMRAM 000017
___flmul@grs                                      cstackCOMRAM 000013
___flmul@prod                                     cstackCOMRAM 000018
___flmul@sign                                     cstackCOMRAM 000011
___flmul@temp                                     cstackCOMRAM 00001C
___flneg                                          text20       00435A
___flneg@f1                                       cstackCOMRAM 000005
___flsub                                          text18       004216
___flsub@a                                        cstackCOMRAM 000022
___flsub@b                                        cstackCOMRAM 00001E
___fltol                                          text17       003598
___fltol@exp1                                     cstackCOMRAM 00000E
___fltol@f1                                       cstackCOMRAM 000005
___fltol@sign1                                    cstackCOMRAM 00000D
___fpclassifyf                                    text16       0037A2
___fpclassifyf@F465                               bssBANK0     0000A0
___fpclassifyf@e                                  cstackCOMRAM 00000D
___fpclassifyf@u                                  cstackCOMRAM 00000F
___fpclassifyf@x                                  cstackCOMRAM 000005
___heap_hi                                        (abs)        000000
___heap_lo                                        (abs)        000000
___inthi_sp                                       stack        000000
___intlo_sp                                       stack        000000
___param_bank                                     (abs)        000000
___rparam_used                                    (abs)        000001
___sp                                             stack        000000
___wmul                                           text28       004510
___wmul@multiplicand                              cstackCOMRAM 000007
___wmul@multiplier                                cstackCOMRAM 000005
___wmul@product                                   cstackCOMRAM 000009
___xxtofl                                         text43       003284
___xxtofl@arg                                     cstackCOMRAM 00000F
___xxtofl@exp                                     cstackCOMRAM 00000E
___xxtofl@sign                                    cstackCOMRAM 00000D
___xxtofl@val                                     cstackCOMRAM 000005
__accesstop                                       (abs)        000060
__activetblptr                                    (abs)        000003
__end_of_DS18B20_init                             text45       0045BE
__end_of_DS18B20_temp_GetValue                    text40       003A4E
__end_of_EUSART_DefaultErrorHandler               text60       0045D6
__end_of_EUSART_DefaultFramingErrorHandler        text59       0045DC
__end_of_EUSART_DefaultOverrunErrorHandler        text58       0045D0
__end_of_EUSART_Initialize                        text34       003F7C
__end_of_EUSART_Receive_ISR                       text57       003C98
__end_of_EUSART_RxDataHandler                     text61       0044E8
__end_of_EUSART_SetErrorHandler                   text39       0045B4
__end_of_EUSART_SetFramingErrorHandler            text38       0045AA
__end_of_EUSART_SetOverrunErrorHandler            text37       0045A0
__end_of_EUSART_SetRxInterruptHandler             text36       004596
__end_of_EUSART_SetTxInterruptHandler             text35       00458C
__end_of_EUSART_Transmit_ISR                      text56       0042E2
__end_of_EUSART_Write                             text14       004096
__end_of_I2C_Initialize                           text33       004560
__end_of_INTERRUPT_Initialize                     text32       0045DA
__end_of_INTERRUPT_InterruptManager               intcode      0000B0
__end_of_OSCILLATOR_Initialize                    text31       004582
__end_of_PIN_MANAGER_Initialize                   text30       004468
__end_of_SYSTEM_Initialize                        text29       00454C
__end_of___awdiv                                  text54       003BD8
__end_of___awmod                                  text24       003D48
__end_of___fladd                                  text19       002696
__end_of___fldiv                                  text44       002E5A
__end_of___fleq                                   text23       003DF2
__end_of___flge                                   text22       0037A2
__end_of___flmul                                  text21       002AC0
__end_of___flneg                                  text20       004392
__end_of___flsub                                  text18       00425C
__end_of___fltol                                  text17       00369E
__end_of___fpclassifyf                            text16       0038A0
__end_of___wmul                                   text28       004536
__end_of___xxtofl                                 text43       003438
__end_of__initialization                          cinit        00448A
__end_of_addressOneWireDevice                     text42       0040EC
__end_of_atoi                                     text25       003598
__end_of_driveOneWireHigh                         text53       0045CA
__end_of_driveOneWireLow                          text52       0045C4
__end_of_efgtoa                                   text5        001CA8
__end_of_floorf                                   text15       003284
__end_of_fputc                                    text12       003E88
__end_of_fputs                                    text11       0042A0
__end_of_fsmStateTable                            smallconst   001021
__end_of_isdigit                                  text27       0043CA
__end_of_isspace                                  text26       00413E
__end_of_isupper                                  text7        00435A
__end_of_main                                     text0        003F06
__end_of_pad                                      text9        003B14
__end_of_printf                                   text1        0044BE
__end_of_putch                                    text13       004578
__end_of_readOneWireBit                           text50       004510
__end_of_readOneWireByte                          text41       004188
__end_of_resetOneWirePin                          text49       004322
__end_of_sampleOneWirePin                         text51       00456E
__end_of_searchOneWireDevicesROM                  text46       003072
__end_of_strcpy                                   text8        00403E
__end_of_strlen                                   text10       004438
__end_of_strncmp                                  text4        00397C
__end_of_tolower                                  text6        004216
__end_of_vfpfcnvrt                                text3        0021D6
__end_of_vfprintf                                 text2        003FE0
__end_of_writeOneWireBit                          text48       0041D0
__end_of_writeOneWireByte                         text47       004402
__initialization                                  cinit        004468
__mediumconst                                     mediumconst  000000
__pbssBANK0                                       bssBANK0     000060
__pbssBANK1                                       bssBANK1     000100
__pbssCOMRAM                                      bssCOMRAM    000056
__pcinit                                          cinit        004468
__pcstackBANK0                                    cstackBANK0  0000B2
__pcstackBANK1                                    cstackBANK1  000168
__pcstackCOMRAM                                   cstackCOMRAM 000001
__pintcode                                        intcode      000008
__pnvBANK0                                        nvBANK0      0000FC
__pnvBANK1                                        nvBANK1      000160
__psmallconst                                     smallconst   001000
__ptext0                                          text0        003E88
__ptext1                                          text1        004494
__ptext10                                         text10       004402
__ptext11                                         text11       00425C
__ptext12                                         text12       003DF2
__ptext13                                         text13       00456E
__ptext14                                         text14       00403E
__ptext15                                         text15       003072
__ptext16                                         text16       0037A2
__ptext17                                         text17       003598
__ptext18                                         text18       004216
__ptext19                                         text19       0021D6
__ptext2                                          text2        003F7C
__ptext20                                         text20       00435A
__ptext21                                         text21       002696
__ptext22                                         text22       00369E
__ptext23                                         text23       003D48
__ptext24                                         text24       003C98
__ptext25                                         text25       003438
__ptext26                                         text26       0040EC
__ptext27                                         text27       004392
__ptext28                                         text28       004510
__ptext29                                         text29       004536
__ptext3                                          text3        001CA8
__ptext30                                         text30       004438
__ptext31                                         text31       004578
__ptext32                                         text32       0045D6
__ptext33                                         text33       00454C
__ptext34                                         text34       003F06
__ptext35                                         text35       004582
__ptext36                                         text36       00458C
__ptext37                                         text37       004596
__ptext38                                         text38       0045A0
__ptext39                                         text39       0045AA
__ptext4                                          text4        0038A0
__ptext40                                         text40       00397C
__ptext41                                         text41       00413E
__ptext42                                         text42       004096
__ptext43                                         text43       003284
__ptext44                                         text44       002AC0
__ptext45                                         text45       0045B4
__ptext46                                         text46       002E5A
__ptext47                                         text47       0043CA
__ptext48                                         text48       004188
__ptext49                                         text49       0042E2
__ptext5                                          text5        00104C
__ptext50                                         text50       0044E8
__ptext51                                         text51       004560
__ptext52                                         text52       0045BE
__ptext53                                         text53       0045C4
__ptext54                                         text54       003B14
__ptext56                                         text56       0042A0
__ptext57                                         text57       003BD8
__ptext58                                         text58       0045CA
__ptext59                                         text59       0045DA
__ptext6                                          text6        0041D0
__ptext60                                         text60       0045D0
__ptext61                                         text61       0044BE
__ptext62                                         text62       000000
__ptext7                                          text7        004322
__ptext8                                          text8        003FE0
__ptext9                                          text9        003A4E
__ramtop                                          ramtop       001000
__smallconst                                      smallconst   001000
_addressOneWireDevice                             text42       004096
_atoi                                             text25       003438
_dbuf                                             bssBANK1     000100
_driveOneWireHigh                                 text53       0045C4
_driveOneWireLow                                  text52       0045BE
_efgtoa                                           text5        00104C
_efgtoa$2333                                      cstackBANK0  0000B2
_efgtoa$2341                                      cstackBANK0  0000B4
_efgtoa$2342                                      cstackBANK0  0000B6
_eusartRxBuffer                                   bssBANK0     00008C
_eusartRxCount                                    bssCOMRAM    000056
_eusartRxHead                                     bssCOMRAM    000058
_eusartRxLastError                                bssBANK0     0000B1
_eusartRxStatusBuffer                             bssBANK0     000084
_eusartRxTail                                     bssCOMRAM    000057
_eusartTxBuffer                                   bssBANK0     000094
_eusartTxBufferRemaining                          nvBANK0      0000FE
_eusartTxHead                                     bssCOMRAM    00005A
_eusartTxTail                                     bssCOMRAM    000059
_flags                                            bssBANK0     0000AE
_floorf                                           text15       003072
_fputc                                            text12       003DF2
_fputs                                            text11       00425C
_fsmStateTable                                    smallconst   001001
_isdigit                                          text27       004392
_isspace                                          text26       0040EC
_isspace$2420                                     cstackCOMRAM 00000B
_isupper                                          text7        004322
_main                                             text0        003E88
_nout                                             bssBANK0     0000A8
_pad                                              text9        003A4E
_prec                                             bssBANK0     0000AC
_printf                                           text1        004494
_putch                                            text13       00456E
_rd1RegCompleteHandler                            (abs)        000000
_rd2RegCompleteHandler                            (abs)        000000
_rdBlkRegCompleteHandler                          (abs)        000000
_readOneWireBit                                   text50       0044E8
_readOneWireByte                                  text41       00413E
_resetOneWirePin                                  text49       0042E2
_sampleOneWirePin                                 text51       004560
_searchOneWireDevicesROM                          text46       002E5A
_strcpy                                           text8        003FE0
_strlen                                           text10       004402
_strncmp                                          text4        0038A0
_temperatur                                       bssBANK0     0000A4
_tolower                                          text6        0041D0
_vfpfcnvrt                                        text3        001CA8
_vfprintf                                         text2        003F7C
_width                                            bssBANK0     0000AA
_wr1RegCompleteHandler                            (abs)        000000
_wr2RegCompleteHandler                            (abs)        000000
_writeOneWireBit                                  text48       004188
_writeOneWireByte                                 text47       0043CA
addressOneWireDevice@CurrentAdressedOneWireDevice cstackCOMRAM 000009
addressOneWireDevice@i                            cstackCOMRAM 00000B
atoi@n                                            cstackCOMRAM 000014
atoi@neg                                          cstackCOMRAM 000012
atoi@s                                            cstackCOMRAM 00000C
btemp                                             temp         00005B
efgtoa@c                                          cstackCOMRAM 000046
efgtoa@d                                          cstackBANK0  0000C4
efgtoa@e                                          cstackBANK0  0000DC
efgtoa@f                                          cstackCOMRAM 000042
efgtoa@fp                                         cstackCOMRAM 000040
efgtoa@g                                          cstackBANK0  0000D8
efgtoa@h                                          cstackBANK0  0000CE
efgtoa@i                                          cstackBANK0  0000D6
efgtoa@l                                          cstackBANK0  0000D2
efgtoa@m                                          cstackBANK0  0000BE
efgtoa@mode                                       cstackBANK0  0000CD
efgtoa@n                                          cstackBANK0  0000DE
efgtoa@ne                                         cstackBANK0  0000BC
efgtoa@nmode                                      cstackBANK0  0000CC
efgtoa@ou                                         cstackBANK0  0000C0
efgtoa@p                                          cstackBANK0  0000C8
efgtoa@pp                                         cstackBANK0  0000BA
efgtoa@sign                                       cstackBANK0  0000C6
efgtoa@t                                          cstackBANK0  0000B8
efgtoa@u                                          cstackBANK0  0000E0
efgtoa@w                                          cstackBANK0  0000CA
end_of_initialization                             cinit        00448A
floorf@F526                                       bssBANK0     00009C
floorf@e                                          cstackCOMRAM 00003A
floorf@m                                          cstackCOMRAM 000036
floorf@u                                          cstackCOMRAM 00003C
floorf@x                                          cstackCOMRAM 00002C
fputc@c                                           cstackCOMRAM 000007
fputc@fp                                          cstackCOMRAM 000009
fputs@c                                           cstackCOMRAM 000014
fputs@fp                                          cstackCOMRAM 000012
fputs@i                                           cstackCOMRAM 000015
fputs@s                                           cstackCOMRAM 000010
int$flags                                         temp         00005B
intlevel0                                         text         000000
intlevel1                                         text         000000
intlevel2                                         text         000000
intlevel3                                         text         000000
isa$std                                           (abs)        000001
isa$xinst                                         (abs)        000000
isdigit@c                                         cstackCOMRAM 000005
isspace@c                                         cstackCOMRAM 000005
isupper@c                                         cstackCOMRAM 000005
pad@buf                                           cstackCOMRAM 000019
pad@fp                                            cstackCOMRAM 000017
pad@i                                             cstackCOMRAM 00001E
pad@p                                             cstackCOMRAM 00001B
pad@w                                             cstackCOMRAM 000020
printf@ap                                         cstackBANK1  000168
printf@fmt                                        cstackBANK0  0000F6
putch@txData                                      cstackCOMRAM 000006
readOneWireBit@result                             cstackCOMRAM 000006
readOneWireByte@data                              cstackCOMRAM 000007
readOneWireByte@i                                 cstackCOMRAM 000008
resetOneWirePin@presence                          cstackCOMRAM 000006
sampleOneWirePin@result                           cstackCOMRAM 000005
searchOneWireDevicesROM@CurrentConflictBitPos     cstackCOMRAM 00001A
searchOneWireDevicesROM@InputBitStatus            cstackCOMRAM 000021
searchOneWireDevicesROM@LastConflictBitNum        cstackCOMRAM 000019
searchOneWireDevicesROM@SearchedROMDevice         cstackCOMRAM 000011
searchOneWireDevicesROM@SelectedBit               cstackCOMRAM 00001C
searchOneWireDevicesROM@bitnum                    cstackCOMRAM 000024
searchOneWireDevicesROM@i                         cstackCOMRAM 00001D
searchOneWireDevicesROM@j                         cstackCOMRAM 000022
searchOneWireDevicesROM@k                         cstackCOMRAM 00001F
searchOneWireDevicesROM@mask                      cstackCOMRAM 00001B
stackhi                                           (abs)        000000
stacklo                                           (abs)        000000
start                                             init         0000B0
start_initialization                              cinit        004468
strcpy@d                                          cstackCOMRAM 00000D
strcpy@dest                                       cstackCOMRAM 000005
strcpy@s                                          cstackCOMRAM 00000B
strcpy@src                                        cstackCOMRAM 000007
strlen@a                                          cstackCOMRAM 000007
strlen@s                                          cstackCOMRAM 000005
strncmp@_l                                        cstackCOMRAM 000005
strncmp@_r                                        cstackCOMRAM 000007
strncmp@l                                         cstackCOMRAM 00000C
strncmp@n                                         cstackCOMRAM 000009
strncmp@r                                         cstackCOMRAM 00000E
tolower@c                                         cstackCOMRAM 00000B
ttemp5                                            temp         00005C
ttemp6                                            temp         00005F
ttemp7                                            temp         000063
vfpfcnvrt@ap                                      cstackCOMRAM 000050
vfpfcnvrt@c                                       cstackBANK0  0000ED
vfpfcnvrt@ct                                      cstackBANK0  0000EA
vfpfcnvrt@done                                    cstackBANK0  0000E4
vfpfcnvrt@f                                       cstackBANK0  0000E6
vfpfcnvrt@fmt                                     cstackCOMRAM 00004E
vfpfcnvrt@fp                                      cstackCOMRAM 00004C
vfprintf@ap                                       cstackBANK0  0000F2
vfprintf@cfmt                                     cstackBANK0  0000F4
vfprintf@fmt                                      cstackBANK0  0000F0
vfprintf@fp                                       cstackBANK0  0000EE
writeOneWireBit@WriteArg                          cstackCOMRAM 000005
writeOneWireByte@data                             cstackCOMRAM 000006
writeOneWireByte@i                                cstackCOMRAM 000007
wtemp8                                            temp         00005C


MODULE INFORMATION

Module		Function		Class		Link	Load	Size
C:\Program Files\Microchip\xc8\v2.35\pic\sources\c99\common\isupper.c
		_isupper       		CODE           	4322	0000	56

C:\Program Files\Microchip\xc8\v2.35\pic\sources\c99\common\isupper.c estimated size: 56

C:\Program Files\Microchip\xc8\v2.35\pic\sources\c99\common\atoi.c
		_atoi          		CODE           	3438	0000	352

C:\Program Files\Microchip\xc8\v2.35\pic\sources\c99\common\atoi.c estimated size: 352

C:\Program Files\Microchip\xc8\v2.35\pic\sources\c99\common\fleq.c
		___fleq        		CODE           	3D48	0000	170

C:\Program Files\Microchip\xc8\v2.35\pic\sources\c99\common\fleq.c estimated size: 170

C:\Program Files\Microchip\xc8\v2.35\pic\sources\c99\common\sprcmul.c
		___flmul       		CODE           	2696	0000	1066

C:\Program Files\Microchip\xc8\v2.35\pic\sources\c99\common\sprcmul.c estimated size: 1066

mcc_generated_files/interrupt_manager.c
		_INTERRUPT_Initialize		CODE           	45D6	0000	4
		_INTERRUPT_InterruptManager		CODE           	0008	0000	168

mcc_generated_files/interrupt_manager.c estimated size: 172

C:\Program Files\Microchip\xc8\v2.35\pic\sources\c99\common\sprcdiv.c
		___fldiv       		CODE           	2AC0	0000	922

C:\Program Files\Microchip\xc8\v2.35\pic\sources\c99\common\sprcdiv.c estimated size: 922

C:\Program Files\Microchip\xc8\v2.35\pic\sources\c99\common\nf_fputc.c
		_fputc         		CODE           	3DF2	0000	150

C:\Program Files\Microchip\xc8\v2.35\pic\sources\c99\common\nf_fputc.c estimated size: 150

C:\Program Files\Microchip\xc8\v2.35\pic\sources\c99\common\Umul16.c
		___wmul        		CODE           	4510	0000	38

C:\Program Files\Microchip\xc8\v2.35\pic\sources\c99\common\Umul16.c estimated size: 38

mcc_generated_files/pin_manager.c
		_PIN_MANAGER_Initialize		CODE           	4438	0000	48

mcc_generated_files/pin_manager.c estimated size: 48

C:\Program Files\Microchip\xc8\v2.35\pic\sources\c99\common\awdiv.c
		___awdiv       		CODE           	3B14	0000	196

C:\Program Files\Microchip\xc8\v2.35\pic\sources\c99\common\awdiv.c estimated size: 196

C:\Program Files\Microchip\xc8\v2.35\pic\sources\c99\common\fltol.c
		___fltol       		CODE           	3598	0000	262

C:\Program Files\Microchip\xc8\v2.35\pic\sources\c99\common\fltol.c estimated size: 262

C:\Program Files\Microchip\xc8\v2.35\pic\sources\c99\common\isspace.c
		_isspace       		CODE           	40EC	0000	82

C:\Program Files\Microchip\xc8\v2.35\pic\sources\c99\common\isspace.c estimated size: 82

C:\Program Files\Microchip\xc8\v2.35\pic\sources\c99\common\strncmp.c
		_strncmp       		CODE           	38A0	0000	220

C:\Program Files\Microchip\xc8\v2.35\pic\sources\c99\common\strncmp.c estimated size: 220

C:\Program Files\Microchip\xc8\v2.35\pic\sources\c99\common\tolower.c
		_tolower       		CODE           	41D0	0000	70

C:\Program Files\Microchip\xc8\v2.35\pic\sources\c99\common\tolower.c estimated size: 70

C:\Program Files\Microchip\xc8\v2.35\pic\sources\c99\common\__fpclassifyf.c
		___fpclassifyf 		CODE           	37A2	0000	254

C:\Program Files\Microchip\xc8\v2.35\pic\sources\c99\common\__fpclassifyf.c estimated size: 254

C:\Program Files\Microchip\xc8\v2.35\pic\sources\c99\common\printf.c
		_printf        		CODE           	4494	0000	42

C:\Program Files\Microchip\xc8\v2.35\pic\sources\c99\common\printf.c estimated size: 42

C:\Program Files\Microchip\xc8\v2.35\pic\sources\c99\common\floorf.c
		_floorf        		CODE           	3072	0000	530

C:\Program Files\Microchip\xc8\v2.35\pic\sources\c99\common\floorf.c estimated size: 530

C:\Program Files\Microchip\xc8\v2.35\pic\sources\c99\common\flge.c
		___flge        		CODE           	369E	0000	260

C:\Program Files\Microchip\xc8\v2.35\pic\sources\c99\common\flge.c estimated size: 260

C:\Program Files\Microchip\xc8\v2.35\pic\sources\c99\common\isdigit.c
		_isdigit       		CODE           	4392	0000	56

C:\Program Files\Microchip\xc8\v2.35\pic\sources\c99\common\isdigit.c estimated size: 56

C:\Program Files\Microchip\xc8\v2.35\pic\sources\c99\common\sprcadd.c
		___flsub       		CODE           	4216	0000	70
		___fladd       		CODE           	21D6	0000	1216

C:\Program Files\Microchip\xc8\v2.35\pic\sources\c99\common\sprcadd.c estimated size: 1286

shared
		__initialization		CODE           	4468	0000	34
		_fsmStateTable 		SMALLCONST     	1001	0000	32

shared estimated size: 66

mcc_generated_files/mcc.c
		_OSCILLATOR_Initialize		CODE           	4578	0000	10
		_SYSTEM_Initialize		CODE           	4536	0000	22

mcc_generated_files/mcc.c estimated size: 32

C:\Program Files\Microchip\xc8\v2.35\pic\sources\c99\common\flneg.c
		___flneg       		CODE           	435A	0000	56

C:\Program Files\Microchip\xc8\v2.35\pic\sources\c99\common\flneg.c estimated size: 56

C:\Program Files\Microchip\xc8\v2.35\pic\sources\c99\common\xxtofl.c
		___xxtofl      		CODE           	3284	0000	436

C:\Program Files\Microchip\xc8\v2.35\pic\sources\c99\common\xxtofl.c estimated size: 436

ds18b20.c
		_driveOneWireLow		CODE           	45BE	0000	6
		_writeOneWireBit		CODE           	4188	0000	72
		_DS18B20_init  		CODE           	45B4	0000	10
		_DS18B20_temp_GetValue		CODE           	397C	0000	210
		_readOneWireBit		CODE           	44E8	0000	40
		_resetOneWirePin		CODE           	42E2	0000	64
		_searchOneWireDevicesROM		CODE           	2E5A	0000	536
		_sampleOneWirePin		CODE           	4560	0000	14
		_driveOneWireHigh		CODE           	45C4	0000	6
		_writeOneWireByte		CODE           	43CA	0000	56
		_readOneWireByte		CODE           	413E	0000	74
		_addressOneWireDevice		CODE           	4096	0000	86

ds18b20.c estimated size: 1174

C:\Program Files\Microchip\xc8\v2.35\pic\sources\c99\common\strlen.c
		_strlen        		CODE           	4402	0000	54

C:\Program Files\Microchip\xc8\v2.35\pic\sources\c99\common\strlen.c estimated size: 54

mcc_generated_files/i2c_master.c
		_I2C_Initialize		CODE           	454C	0000	20

mcc_generated_files/i2c_master.c estimated size: 20

C:\Program Files\Microchip\xc8\v2.35\pic\sources\c99\common\strcpy.c
		_strcpy        		CODE           	3FE0	0000	94

C:\Program Files\Microchip\xc8\v2.35\pic\sources\c99\common\strcpy.c estimated size: 94

mcc_generated_files/eusart.c
		_EUSART_SetRxInterruptHandler		CODE           	458C	0000	10
		_EUSART_SetTxInterruptHandler		CODE           	4582	0000	10
		_putch         		CODE           	456E	0000	10
		_EUSART_DefaultOverrunErrorHandler		CODE           	45CA	0000	6
		_EUSART_Write  		CODE           	403E	0000	88
		_EUSART_DefaultErrorHandler		CODE           	45D0	0000	6
		_EUSART_Transmit_ISR		CODE           	42A0	0000	66
		_EUSART_Initialize		CODE           	3F06	0000	118
		_EUSART_SetFramingErrorHandler		CODE           	45A0	0000	10
		_EUSART_SetErrorHandler		CODE           	45AA	0000	10
		_EUSART_SetOverrunErrorHandler		CODE           	4596	0000	10
		_EUSART_Receive_ISR		CODE           	3BD8	0000	192
		_EUSART_RxDataHandler		CODE           	44BE	0000	42
		_EUSART_DefaultFramingErrorHandler		CODE           	45DA	0000	2

mcc_generated_files/eusart.c estimated size: 580

C:\Program Files\Microchip\xc8\v2.35\pic\sources\c99\common\nf_fputs.c
		_fputs         		CODE           	425C	0000	68

C:\Program Files\Microchip\xc8\v2.35\pic\sources\c99\common\nf_fputs.c estimated size: 68

main.c
		_main          		CODE           	3E88	0000	126

main.c estimated size: 126

C:\Program Files\Microchip\xc8\v2.35\pic\sources\c99\common\awmod.c
		___awmod       		CODE           	3C98	0000	176

C:\Program Files\Microchip\xc8\v2.35\pic\sources\c99\common\awmod.c estimated size: 176

C:\Program Files\Microchip\xc8\v2.35\pic\sources\c99\common\doprnt.c
		_vfpfcnvrt     		CODE           	1CA8	0000	1326
		_efgtoa        		CODE           	104C	0000	3164
		_pad           		CODE           	3A4E	0000	198
		_vfprintf      		CODE           	3F7C	0000	100

C:\Program Files\Microchip\xc8\v2.35\pic\sources\c99\common\doprnt.c estimated size: 4788

